=== 2026-09-04T09:20:09.015554 실행 시작 ===
오늘의 경제 뉴스 헤드라인 수집 중...
헤드라인 46건 수집
핵심 이슈 분석 중...
오늘의 핵심 이슈: 미국 금리 경로 불확실성과 반도체 주도주의 재평가가 맞물린 한국 증시 변동성 확대
오늘의 시황 브리핑 작성 중...
관련 기업 선정 중...
선정된 기업: 삼성전자, SK하이닉스, 한화오션
1. 삼성전자(005930) 분석 중...
2. SK하이닉스(000660) 분석 중...
3. 한화오션(042660) 분석 중...
최종 제목/요약 생성 중...
문서 생성 중...
PDF 변환 중...
완료: /Users/jegalminchan/news-analyst-report/output/2026-09-04_0921_삼성전자_report.docx
PDF: /Users/jegalminchan/news-analyst-report/output/2026-09-04_0921_삼성전자_report.pdf
=== 2026-09-08T09:35:08.546922 실행 시작 ===
오늘의 경제 뉴스 헤드라인 수집 중...
헤드라인 46건 수집
핵심 이슈 분석 중...
오늘의 핵심 이슈: 반도체 공급부족·신규 AI 모멘텀에 따른 코스피 7000선 회복
오늘의 시황 브리핑 작성 중...
관련 기업 선정 중...
선정된 기업: 삼성전자, SK하이닉스, DB하이텍
1. 삼성전자(005930) 분석 중...
2. SK하이닉스(000660) 분석 중...
3. DB하이텍(000990) 분석 중...
최종 제목/요약 생성 중...
문서 생성 중...
PDF 변환 중...
완료: /Users/jegalminchan/news-analyst-report/output/2026-09-08_1300_삼성전자_report.docx
PDF: /Users/jegalminchan/news-analyst-report/output/2026-09-08_1300_삼성전자_report.pdf
=== 2026-09-09T09:24:37.110172 실행 시작 ===
오늘의 경제 뉴스 헤드라인 수집 중...
헤드라인 46건 수집
핵심 이슈 분석 중...
오늘의 핵심 이슈: AI 인프라 투자 확대에 따른 반도체·데이터센터 수혜 기대와 한국 증시의 반도체 주도력
오늘의 시황 브리핑 작성 중...
관련 기업 선정 중...
선정된 기업: 삼성전자, SK하이닉스, 삼성전기
1. 삼성전자(005930) 분석 중...
2. SK하이닉스(000660) 분석 중...
3. 삼성전기(009150) 분석 중...
최종 제목/요약 생성 중...
문서 생성 중...
PDF 변환 중...
완료: /Users/jegalminchan/news-analyst-report/output/2026-09-09_1909_삼성전자_report.docx
PDF: /Users/jegalminchan/news-analyst-report/output/2026-09-09_1909_삼성전자_report.pdf
=== 2026-09-10T09:20:08.427612 실행 시작 ===
오늘의 경제 뉴스 헤드라인 수집 중...
헤드라인 46건 수집
핵심 이슈 분석 중...
오늘의 핵심 이슈: SK하이닉스 ADR 사상 최고가 경신과 AI 반도체 기대 확산
오늘의 시황 브리핑 작성 중...
관련 기업 선정 중...
선정된 기업: SK하이닉스, 삼성전자, 한미반도체
1. SK하이닉스(000660) 분석 중...
2. 삼성전자(005930) 분석 중...
3. 한미반도체(042700) 분석 중...
최종 제목/요약 생성 중...
문서 생성 중...
PDF 변환 중...
완료: /Users/jegalminchan/news-analyst-report/output/2026-09-10_0922_SK하이닉스_report.docx
PDF: /Users/jegalminchan/news-analyst-report/output/2026-09-10_0922_SK하이닉스_report.pdf
=== 2026-09-11T09:21:54.148754 실행 시작 ===
오늘의 경제 뉴스 헤드라인 수집 중...
헤드라인 46건 수집
핵심 이슈 분석 중...
오늘의 핵심 이슈: 중동 리스크발 유가·금리 급등과 미국 증시 약세가 한국 증시, 특히 반도체 대형주를 압박
오늘의 시황 브리핑 작성 중...
관련 기업 선정 중...
선정된 기업: S-Oil, SK이노베이션, 한화에어로스페이스
1. S-Oil(010950) 분석 중...
2. SK이노베이션(096770) 분석 중...
3. 한화에어로스페이스(012450) 분석 중...
최종 제목/요약 생성 중...
문서 생성 중...
PDF 변환 중...
완료: /Users/jegalminchan/news-analyst-report/output/2026-09-11_1345_SOil_report.docx
PDF: /Users/jegalminchan/news-analyst-report/output/2026-09-11_1345_SOil_report.pdf
=== 2026-09-14T09:20:34.448558 실행 시작 ===
오늘의 경제 뉴스 헤드라인 수집 중...
헤드라인 46건 수집
핵심 이슈 분석 중...
자동 실행 중 오류 발생:
=== 2026-09-15T09:20:08.542507 실행 시작 ===
오늘의 경제 뉴스 헤드라인 수집 중...
헤드라인 46건 수집
핵심 이슈 분석 중...
오늘의 핵심 이슈: AI·반도체 기대와 미국 금리 급등이 맞서는 한국 증시의 방향성 불확실성
오늘의 시황 브리핑 작성 중...
관련 기업 선정 중...
선정된 기업: SK하이닉스, 한미반도체, LG
1. SK하이닉스(000660) 분석 중...
2. 한미반도체(042700) 분석 중...
3. LG(003550) 분석 중...
최종 제목/요약 생성 중...
문서 생성 중...
PDF 변환 중...
요약 카드 이미지 생성 중...
텔레그램 전송 중...
텔레그램 전송 실패 (건너뜀): [Errno 2] No such file or directory: '/Users/jegalminchan/news-analyst-report/output/2026-09-15_0922_SK하이닉스_report.pdf'
텔레그램 전송 건너뜀 (설정 없음 또는 실패)
완료: /Users/jegalminchan/news-analyst-report/output/2026-09-15_0922_SK하이닉스_report.docx
PDF: /Users/jegalminchan/news-analyst-report/output/2026-09-15_0922_SK하이닉스_report.pdf
=== 2026-09-17T09:23:13.000944 실행 시작 ===
오늘의 경제 뉴스 헤드라인 수집 중...
헤드라인 46건 수집
핵심 이슈 분석 중...
오늘의 핵심 이슈: 미 연준의 추가 긴축 신호와 고유가가 촉발한 금리·환율 변동성
오늘의 시황 브리핑 작성 중...
관련 기업 선정 중...
선정된 기업: 삼성전자, SK하이닉스, KB금융
1. 삼성전자(005930) 분석 중...
2. SK하이닉스(000660) 분석 중...
3. KB금융(105560) 분석 중...
최종 제목/요약 생성 중...
문서 생성 중...
PDF 변환 중...
요약 카드 이미지 생성 중...
텔레그램 전송 중...
텔레그램 전송 완료
완료: /Users/jegalminchan/news-analyst-report/output/2026-09-17_1207_삼성전자_report.docx
PDF: /Users/jegalminchan/news-analyst-report/output/2026-09-17_1207_삼성전자_report.pdf
=== 2026-09-18T09:20:08.074875 실행 시작 ===
오늘의 경제 뉴스 헤드라인 수집 중...
헤드라인 46건 수집
핵심 이슈 분석 중...
오늘의 핵심 이슈: AI·반도체 투자 확대와 미국 반도체주 반등이 한국 증시를 견인할 가능성
오늘의 시황 브리핑 작성 중...
관련 기업 선정 중...
선정된 기업: 삼성전자, SK하이닉스, 두산
1. 삼성전자(005930) 분석 중...
2. SK하이닉스(000660) 분석 중...
3. 두산(000150) 분석 중...
최종 제목/요약 생성 중...
문서 생성 중...
PDF 변환 중...
요약 카드 이미지 생성 중...
텔레그램 전송 중...
텔레그램 전송 완료
서버 업로드 중...
REPORT_API_TOKEN 미설정 - 서버 업로드 건너뜀
서버 업로드 건너뜀 (설정 없음 또는 실패)
완료: /Users/jegalminchan/news-analyst-report/output/2026-09-18_0922_삼성전자_report.docx
PDF: /Users/jegalminchan/news-analyst-report/output/2026-09-18_0922_삼성전자_report.pdf
=== 2026-09-21T09:31:22.732742 실행 시작 ===
오늘의 경제 뉴스 헤드라인 수집 중...
헤드라인 46건 수집
핵심 이슈 분석 중...
오늘의 핵심 이슈: 반도체 호황이 이끄는 한국 증시 강세와 대형주 수급·환율 리스크의 충돌
오늘의 시황 브리핑 작성 중...
관련 기업 선정 중...
선정된 기업: SK하이닉스, 삼성전자, 한미반도체
1. SK하이닉스(000660) 분석 중...
2. 삼성전자(005930) 분석 중...
3. 한미반도체(042700) 분석 중...
최종 제목/요약 생성 중...
문서 생성 중...
PDF 변환 중...
요약 카드 이미지 생성 중...
서버 업로드 중...
서버 업로드 완료
텔레그램 전송 중...
텔레그램 전송 완료
완료: /Users/jegalminchan/news-analyst-report/output/2026-09-21_0933_SK하이닉스_report.docx
PDF: /Users/jegalminchan/news-analyst-report/output/2026-09-21_0933_SK하이닉스_report.pdf
=== 2026-09-23T09:23:15.693810 실행 시작 ===
오늘의 경제 뉴스 헤드라인 수집 중...
헤드라인 46건 수집
핵심 이슈 분석 중...
오늘의 핵심 이슈: AI·메모리 반도체 슈퍼사이클 기대가 주도하는 한국 증시 강세
오늘의 시황 브리핑 작성 중...
관련 기업 선정 중...
선정된 기업: 삼성전자, SK하이닉스, 삼성전기
1. 삼성전자(005930) 분석 중...
2. SK하이닉스(000660) 분석 중...
3. 삼성전기(009150) 분석 중...
최종 제목/요약 생성 중...
문서 생성 중...
PDF 변환 중...
PDF 변환 실패 (건너뜀): 파일이 생성되지 않음 (접근 권한 팝업 미응답 가능성)
요약 카드 이미지 생성 중...
서버 업로드 중...
PDF 파일이 없어 서버 업로드 건너뜀 (권한 팝업 미응답 등으로 PDF 변환 실패 가능성)
서버 업로드 건너뜀 (설정 없음 또는 실패)
텔레그램 전송 중...
텔레그램 전송 완료
완료: /Users/jegalminchan/news-analyst-report/output/2026-09-23_1026_삼성전자_report.docx
=== 2026-09-24T09:31:01.506097 실행 시작 ===
오늘은 한국거래소 휴장일입니다. 건너뜁니다.
=== 2026-09-25T09:23:40.927056 실행 시작 ===
오늘은 한국거래소 휴장일입니다. 건너뜁니다.
=== 2026-09-28T09:31:47.579462 실행 시작 ===
오늘의 경제 뉴스 헤드라인 수집 중...
자동 실행 중 오류 발생:
=== 2026-09-29T09:30:41.122660 실행 시작 ===
오늘의 경제 뉴스 헤드라인 수집 중...
헤드라인 46건 수집
핵심 이슈 분석 중...
오늘의 핵심 이슈: AI 반도체·AI 서버 공급망 투자 확대에 따른 국내 반도체주 실적 기대와 변동성
오늘의 시황 브리핑 작성 중...
관련 기업 선정 중...
선정된 기업: 삼성전자, SK하이닉스, 삼성전기
1. 삼성전자(005930) 분석 중...
2. SK하이닉스(000660) 분석 중...
3. 삼성전기(009150) 분석 중...
최종 제목/요약 생성 중...
문서 생성 중...
PDF 변환 중...
PDF 변환 실패 (건너뜀): 파일이 생성되지 않음 (접근 권한 팝업 미응답 가능성)
요약 카드 이미지 생성 중...
서버 업로드 중...
PDF 파일이 없어 서버 업로드 건너뜀 (권한 팝업 미응답 등으로 PDF 변환 실패 가능성)
서버 업로드 건너뜀 (설정 없음 또는 실패)
텔레그램 전송 중...
텔레그램 전송 완료
완료: /Users/jegalminchan/news-analyst-report/output/2026-09-29_1928_삼성전자_report.docx
=== 2026-09-30T09:32:33.088099 실행 시작 ===
오늘의 경제 뉴스 헤드라인 수집 중...
헤드라인 46건 수집
핵심 이슈 분석 중...
오늘의 핵심 이슈: 반도체·AI 주도 증시 강세와 세수 급증, 다만 미국 금리·유가 변동성이 단기 리스크
오늘의 시황 브리핑 작성 중...
관련 기업 선정 중...
선정된 기업: 삼성전자, SK하이닉스, HD현대일렉트릭
1. 삼성전자(005930) 분석 중...
2. SK하이닉스(000660) 분석 중...
3. HD현대일렉트릭(267260) 분석 중...
최종 제목/요약 생성 중...
문서 생성 중...
docx 원본 비공개 전송 중...
docx 비공개 전송 완료
요약 카드 이미지 생성 중...
텔레그램 전송 중 (카드+텍스트)...
카드+텍스트 전송 완료
완료: /Users/jegalminchan/news-analyst-report/output/2026-09-30_0935_삼성전자_report.docx
=== 2026-10-01T09:29:44.141115 실행 시작 ===
네트워크 연결 확인 중...
네트워크 연결 확인됨
오늘의 경제 뉴스 헤드라인 수집 중...
헤드라인 46건 수집
핵심 이슈 분석 중...
오늘의 핵심 이슈: 반도체 메모리 슈퍼사이클이 이끄는 한국 수출 신기록과, 미 금리 부담에 따른 코스피 조정의 충돌
오늘의 시황 브리핑 작성 중...
관련 기업 선정 중...
선정된 기업: 삼성전자, SK하이닉스, 한미반도체
1. 삼성전자(005930) 분석 중...
2. SK하이닉스(000660) 분석 중...
3. 한미반도체(042700) 분석 중...
최종 제목/요약 생성 중...
문서 생성 중...
docx 원본 비공개 전송 중...
docx 비공개 전송 완료
요약 카드 이미지 생성 중...
텔레그램 전송 중 (카드+텍스트)...
카드+텍스트 전송 완료
완료: /Users/jegalminchan/news-analyst-report/output/2026-10-01_0935_삼성전자_report.docx
=== 2026-10-05T09:24:10.836126 실행 시작 ===
오늘은 한국거래소 휴장일입니다. 건너뜁니다.
=== 2026-10-06T09:18:50.287482 실행 시작 ===
네트워크 연결 확인 중...
네트워크 연결 확인됨
오늘의 경제 뉴스 헤드라인 수집 중...
헤드라인 46건 수집
핵심 이슈 분석 중...
오늘의 핵심 이슈: 미국 AI·빅테크 강세가 한국 반도체와 코스피 반등 기대를 견인하는 가운데, 국내 증시는 종목·업종별 차별화가 커지는 흐름
오늘의 시황 브리핑 작성 중...
관련 기업 선정 중...
선정된 기업: SK하이닉스, 한미반도체, HD현대일렉트릭
1. SK하이닉스(000660) 분석 중...
2. 한미반도체(042700) 분석 중...
3. HD현대일렉트릭(267260) 분석 중...
최종 제목/요약 생성 중...
문서 생성 중...
docx 원본 비공개 전송 중...
docx 비공개 전송 완료
요약 카드 이미지 생성 중...
텔레그램 전송 중 (카드+텍스트)...
카드+텍스트 전송 완료
완료: /Users/jegalminchan/news-analyst-report/output/2026-10-06_1057_SK하이닉스_report.docx
=== 2026-10-07T09:26:42.202921 실행 시작 ===
네트워크 연결 확인 중...
네트워크 연결 확인됨
오늘의 경제 뉴스 헤드라인 수집 중...
헤드라인 46건 수집
핵심 이슈 분석 중...
오늘의 핵심 이슈: AI 반도체 슈퍼사이클 기대와 삼성전자·SK하이닉스 실적/주가 재평가
오늘의 시황 브리핑 작성 중...
관련 기업 선정 중...
자동 실행 중 오류 발생:
Traceback (most recent call last):
  File "/Users/jegalminchan/news-analyst-report/run_auto.py", line 69, in _run
    result["out_path"], result["pdf_path"] = run_auto()
                                             ^^^^^^^^^^
  File "/Users/jegalminchan/news-analyst-report/main.py", line 135, in run_auto
    return _build_report(topic["dominant_topic"][:40], briefing, briefing_key_sentence)
           ^^^^^^^^^^^^^^^^^^^^^^^^^^^^^^^^^^^^^^^^^^^^^^^^^^^^^^^^^^^^^^^^^^^^^^^^^^^^
  File "/Users/jegalminchan/news-analyst-report/main.py", line 29, in _build_report
    companies = pick_companies(_plain(article_summary))
                ^^^^^^^^^^^^^^^^^^^^^^^^^^^^^^^^^^^^^^^
  File "/Users/jegalminchan/news-analyst-report/analysis/company_pick.py", line 54, in pick_companies
    master = load_krx_master()
             ^^^^^^^^^^^^^^^^^
  File "/Users/jegalminchan/news-analyst-report/data/krx_master.py", line 55, in load_krx_master
    return refresh_krx_master(force=False)
           ^^^^^^^^^^^^^^^^^^^^^^^^^^^^^^^
  File "/Users/jegalminchan/news-analyst-report/data/krx_master.py", line 48, in refresh_krx_master
    df = _fetch_from_opendart()
         ^^^^^^^^^^^^^^^^^^^^^^
  File "/Users/jegalminchan/news-analyst-report/data/krx_master.py", line 24, in _fetch_from_opendart
    with zipfile.ZipFile(io.BytesIO(resp.content)) as zf:
         ^^^^^^^^^^^^^^^^^^^^^^^^^^^^^^^^^^^^^^^^^
  File "/opt/anaconda3/lib/python3.11/zipfile.py", line 1302, in __init__
    self._RealGetContents()
  File "/opt/anaconda3/lib/python3.11/zipfile.py", line 1369, in _RealGetContents
    raise BadZipFile("File is not a zip file")
zipfile.BadZipFile: File is not a zip file

=== 2026-10-08T09:26:02.107973 실행 시작 ===
네트워크 연결 확인 중...
네트워크 연결 확인됨
오늘의 경제 뉴스 헤드라인 수집 중...
헤드라인 46건 수집
핵심 이슈 분석 중...
오늘의 핵심 이슈: 삼성전자 중심의 메모리 반도체 초호황과 사상 최대 실적
오늘의 시황 브리핑 작성 중...
관련 기업 선정 중...
[경고] OpenDART 기업목록 갱신 실패 - 기존 캐시 사용: OpenDART가 기업목록 zip 대신 오류를 반환: status=901 사용자 계정의 개인정보 보유기간이 만료되어 사용할 수 없는 키입니다. 관리자 이메일(opendart@fss.or.kr)로 문의하시기 바랍니다. 
선정된 기업: 삼성전자, SK하이닉스, 한미반도체
1. 삼성전자(005930) 분석 중...
2. SK하이닉스(000660) 분석 중...
3. 한미반도체(042700) 분석 중...
최종 제목/요약 생성 중...
문서 생성 중...
docx 원본 비공개 전송 중...
docx 비공개 전송 완료
요약 카드 이미지 생성 중...
텔레그램 전송 중 (카드+텍스트)...
카드+텍스트 전송 완료
완료: /Users/jegalminchan/news-analyst-report/output/2026-10-08_1031_삼성전자_report.docx
=== 2026-10-09T09:09:03.486373 실행 시작 ===
오늘은 한국거래소 휴장일입니다. 건너뜁니다.
