Traceback (most recent call last):
  File "/Users/jegalminchan/news-analyst-report/.venv/lib/python3.11/site-packages/urllib3/connection.py", line 204, in _new_conn
    sock = connection.create_connection(
           ^^^^^^^^^^^^^^^^^^^^^^^^^^^^^
  File "/Users/jegalminchan/news-analyst-report/.venv/lib/python3.11/site-packages/urllib3/util/connection.py", line 85, in create_connection
    raise err
  File "/Users/jegalminchan/news-analyst-report/.venv/lib/python3.11/site-packages/urllib3/util/connection.py", line 73, in create_connection
    sock.connect(sa)
TimeoutError: timed out

The above exception was the direct cause of the following exception:

Traceback (most recent call last):
  File "/Users/jegalminchan/news-analyst-report/.venv/lib/python3.11/site-packages/urllib3/connectionpool.py", line 788, in urlopen
    response = self._make_request(
               ^^^^^^^^^^^^^^^^^^^
  File "/Users/jegalminchan/news-analyst-report/.venv/lib/python3.11/site-packages/urllib3/connectionpool.py", line 488, in _make_request
    raise new_e
  File "/Users/jegalminchan/news-analyst-report/.venv/lib/python3.11/site-packages/urllib3/connectionpool.py", line 464, in _make_request
    self._validate_conn(conn)
  File "/Users/jegalminchan/news-analyst-report/.venv/lib/python3.11/site-packages/urllib3/connectionpool.py", line 1106, in _validate_conn
    conn.connect()
  File "/Users/jegalminchan/news-analyst-report/.venv/lib/python3.11/site-packages/urllib3/connection.py", line 759, in connect
    self.sock = sock = self._new_conn()
                       ^^^^^^^^^^^^^^^^
  File "/Users/jegalminchan/news-analyst-report/.venv/lib/python3.11/site-packages/urllib3/connection.py", line 213, in _new_conn
    raise ConnectTimeoutError(
urllib3.exceptions.ConnectTimeoutError: (<HTTPSConnection(host='opendart.fss.or.kr', port=443) at 0x106b856d0>, 'Connection to opendart.fss.or.kr timed out. (connect timeout=30)')

The above exception was the direct cause of the following exception:

Traceback (most recent call last):
  File "/Users/jegalminchan/news-analyst-report/.venv/lib/python3.11/site-packages/requests/adapters.py", line 696, in send
    resp = conn.urlopen(
           ^^^^^^^^^^^^^
  File "/Users/jegalminchan/news-analyst-report/.venv/lib/python3.11/site-packages/urllib3/connectionpool.py", line 842, in urlopen
    retries = retries.increment(
              ^^^^^^^^^^^^^^^^^^
  File "/Users/jegalminchan/news-analyst-report/.venv/lib/python3.11/site-packages/urllib3/util/retry.py", line 543, in increment
    raise MaxRetryError(_pool, url, reason) from reason  # type: ignore[arg-type]
    ^^^^^^^^^^^^^^^^^^^^^^^^^^^^^^^^^^^^^^^^^^^^^^^^^^^
urllib3.exceptions.MaxRetryError: HTTPSConnectionPool(host='opendart.fss.or.kr', port=443): Max retries exceeded with url: /api/list.json?crtfc_key=9bb527069a954c806b21cdb8cafb49474b843ba6&bgn_de=20260922&end_de=20260922&page_no=1&page_count=100 (Caused by ConnectTimeoutError(<HTTPSConnection(host='opendart.fss.or.kr', port=443) at 0x106b856d0>, 'Connection to opendart.fss.or.kr timed out. (connect timeout=30)'))

During handling of the above exception, another exception occurred:

Traceback (most recent call last):
  File "/Users/jegalminchan/news-analyst-report/dart_monitor.py", line 100, in <module>
    main()
  File "/Users/jegalminchan/news-analyst-report/dart_monitor.py", line 72, in main
    disclosures = fetch_disclosures(date_str)
                  ^^^^^^^^^^^^^^^^^^^^^^^^^^^
  File "/Users/jegalminchan/news-analyst-report/dart/client.py", line 14, in fetch_disclosures
    resp = requests.get(
           ^^^^^^^^^^^^^
  File "/Users/jegalminchan/news-analyst-report/.venv/lib/python3.11/site-packages/requests/api.py", line 87, in get
    return request("get", url, params=params, **kwargs)
           ^^^^^^^^^^^^^^^^^^^^^^^^^^^^^^^^^^^^^^^^^^^^
  File "/Users/jegalminchan/news-analyst-report/.venv/lib/python3.11/site-packages/requests/api.py", line 71, in request
    return session.request(method=method, url=url, **kwargs)
           ^^^^^^^^^^^^^^^^^^^^^^^^^^^^^^^^^^^^^^^^^^^^^^^^^
  File "/Users/jegalminchan/news-analyst-report/.venv/lib/python3.11/site-packages/requests/sessions.py", line 651, in request
    resp = self.send(prep, **send_kwargs)
           ^^^^^^^^^^^^^^^^^^^^^^^^^^^^^^
  File "/Users/jegalminchan/news-analyst-report/.venv/lib/python3.11/site-packages/requests/sessions.py", line 784, in send
    r = adapter.send(request, **kwargs)
        ^^^^^^^^^^^^^^^^^^^^^^^^^^^^^^^
  File "/Users/jegalminchan/news-analyst-report/.venv/lib/python3.11/site-packages/requests/adapters.py", line 717, in send
    raise ConnectTimeout(e, request=request)
requests.exceptions.ConnectTimeout: HTTPSConnectionPool(host='opendart.fss.or.kr', port=443): Max retries exceeded with url: /api/list.json?crtfc_key=9bb527069a954c806b21cdb8cafb49474b843ba6&bgn_de=20260922&end_de=20260922&page_no=1&page_count=100 (Caused by ConnectTimeoutError(<HTTPSConnection(host='opendart.fss.or.kr', port=443) at 0x106b856d0>, 'Connection to opendart.fss.or.kr timed out. (connect timeout=30)'))
Traceback (most recent call last):
  File "/Users/jegalminchan/news-analyst-report/.venv/lib/python3.11/site-packages/urllib3/connection.py", line 204, in _new_conn
    sock = connection.create_connection(
           ^^^^^^^^^^^^^^^^^^^^^^^^^^^^^
  File "/Users/jegalminchan/news-analyst-report/.venv/lib/python3.11/site-packages/urllib3/util/connection.py", line 60, in create_connection
    for res in socket.getaddrinfo(host, port, family, socket.SOCK_STREAM):
               ^^^^^^^^^^^^^^^^^^^^^^^^^^^^^^^^^^^^^^^^^^^^^^^^^^^^^^^^^^
  File "/opt/anaconda3/lib/python3.11/socket.py", line 962, in getaddrinfo
    for res in _socket.getaddrinfo(host, port, family, type, proto, flags):
               ^^^^^^^^^^^^^^^^^^^^^^^^^^^^^^^^^^^^^^^^^^^^^^^^^^^^^^^^^^^
socket.gaierror: [Errno 8] nodename nor servname provided, or not known

The above exception was the direct cause of the following exception:

Traceback (most recent call last):
  File "/Users/jegalminchan/news-analyst-report/.venv/lib/python3.11/site-packages/urllib3/connectionpool.py", line 788, in urlopen
    response = self._make_request(
               ^^^^^^^^^^^^^^^^^^^
  File "/Users/jegalminchan/news-analyst-report/.venv/lib/python3.11/site-packages/urllib3/connectionpool.py", line 488, in _make_request
    raise new_e
  File "/Users/jegalminchan/news-analyst-report/.venv/lib/python3.11/site-packages/urllib3/connectionpool.py", line 464, in _make_request
    self._validate_conn(conn)
  File "/Users/jegalminchan/news-analyst-report/.venv/lib/python3.11/site-packages/urllib3/connectionpool.py", line 1106, in _validate_conn
    conn.connect()
  File "/Users/jegalminchan/news-analyst-report/.venv/lib/python3.11/site-packages/urllib3/connection.py", line 759, in connect
    self.sock = sock = self._new_conn()
                       ^^^^^^^^^^^^^^^^
  File "/Users/jegalminchan/news-analyst-report/.venv/lib/python3.11/site-packages/urllib3/connection.py", line 211, in _new_conn
    raise NameResolutionError(self.host, self, e) from e
urllib3.exceptions.NameResolutionError: HTTPSConnection(host='opendart.fss.or.kr', port=443): Failed to resolve 'opendart.fss.or.kr' ([Errno 8] nodename nor servname provided, or not known)

The above exception was the direct cause of the following exception:

Traceback (most recent call last):
  File "/Users/jegalminchan/news-analyst-report/.venv/lib/python3.11/site-packages/requests/adapters.py", line 696, in send
    resp = conn.urlopen(
           ^^^^^^^^^^^^^
  File "/Users/jegalminchan/news-analyst-report/.venv/lib/python3.11/site-packages/urllib3/connectionpool.py", line 842, in urlopen
    retries = retries.increment(
              ^^^^^^^^^^^^^^^^^^
  File "/Users/jegalminchan/news-analyst-report/.venv/lib/python3.11/site-packages/urllib3/util/retry.py", line 543, in increment
    raise MaxRetryError(_pool, url, reason) from reason  # type: ignore[arg-type]
    ^^^^^^^^^^^^^^^^^^^^^^^^^^^^^^^^^^^^^^^^^^^^^^^^^^^
urllib3.exceptions.MaxRetryError: HTTPSConnectionPool(host='opendart.fss.or.kr', port=443): Max retries exceeded with url: /api/list.json?crtfc_key=9bb527069a954c806b21cdb8cafb49474b843ba6&bgn_de=20260922&end_de=20260922&page_no=1&page_count=100 (Caused by NameResolutionError("HTTPSConnection(host='opendart.fss.or.kr', port=443): Failed to resolve 'opendart.fss.or.kr' ([Errno 8] nodename nor servname provided, or not known)"))

During handling of the above exception, another exception occurred:

Traceback (most recent call last):
  File "/Users/jegalminchan/news-analyst-report/dart_monitor.py", line 100, in <module>
    main()
  File "/Users/jegalminchan/news-analyst-report/dart_monitor.py", line 72, in main
    disclosures = fetch_disclosures(date_str)
                  ^^^^^^^^^^^^^^^^^^^^^^^^^^^
  File "/Users/jegalminchan/news-analyst-report/dart/client.py", line 14, in fetch_disclosures
    resp = requests.get(
           ^^^^^^^^^^^^^
  File "/Users/jegalminchan/news-analyst-report/.venv/lib/python3.11/site-packages/requests/api.py", line 87, in get
    return request("get", url, params=params, **kwargs)
           ^^^^^^^^^^^^^^^^^^^^^^^^^^^^^^^^^^^^^^^^^^^^
  File "/Users/jegalminchan/news-analyst-report/.venv/lib/python3.11/site-packages/requests/api.py", line 71, in request
    return session.request(method=method, url=url, **kwargs)
           ^^^^^^^^^^^^^^^^^^^^^^^^^^^^^^^^^^^^^^^^^^^^^^^^^
  File "/Users/jegalminchan/news-analyst-report/.venv/lib/python3.11/site-packages/requests/sessions.py", line 651, in request
    resp = self.send(prep, **send_kwargs)
           ^^^^^^^^^^^^^^^^^^^^^^^^^^^^^^
  File "/Users/jegalminchan/news-analyst-report/.venv/lib/python3.11/site-packages/requests/sessions.py", line 784, in send
    r = adapter.send(request, **kwargs)
        ^^^^^^^^^^^^^^^^^^^^^^^^^^^^^^^
  File "/Users/jegalminchan/news-analyst-report/.venv/lib/python3.11/site-packages/requests/adapters.py", line 729, in send
    raise ConnectionError(e, request=request)
requests.exceptions.ConnectionError: HTTPSConnectionPool(host='opendart.fss.or.kr', port=443): Max retries exceeded with url: /api/list.json?crtfc_key=9bb527069a954c806b21cdb8cafb49474b843ba6&bgn_de=20260922&end_de=20260922&page_no=1&page_count=100 (Caused by NameResolutionError("HTTPSConnection(host='opendart.fss.or.kr', port=443): Failed to resolve 'opendart.fss.or.kr' ([Errno 8] nodename nor servname provided, or not known)"))
Traceback (most recent call last):
  File "/Users/jegalminchan/news-analyst-report/.venv/lib/python3.11/site-packages/urllib3/connection.py", line 204, in _new_conn
    sock = connection.create_connection(
           ^^^^^^^^^^^^^^^^^^^^^^^^^^^^^
  File "/Users/jegalminchan/news-analyst-report/.venv/lib/python3.11/site-packages/urllib3/util/connection.py", line 60, in create_connection
    for res in socket.getaddrinfo(host, port, family, socket.SOCK_STREAM):
               ^^^^^^^^^^^^^^^^^^^^^^^^^^^^^^^^^^^^^^^^^^^^^^^^^^^^^^^^^^
  File "/opt/anaconda3/lib/python3.11/socket.py", line 962, in getaddrinfo
    for res in _socket.getaddrinfo(host, port, family, type, proto, flags):
               ^^^^^^^^^^^^^^^^^^^^^^^^^^^^^^^^^^^^^^^^^^^^^^^^^^^^^^^^^^^
socket.gaierror: [Errno 8] nodename nor servname provided, or not known

The above exception was the direct cause of the following exception:

Traceback (most recent call last):
  File "/Users/jegalminchan/news-analyst-report/.venv/lib/python3.11/site-packages/urllib3/connectionpool.py", line 788, in urlopen
    response = self._make_request(
               ^^^^^^^^^^^^^^^^^^^
  File "/Users/jegalminchan/news-analyst-report/.venv/lib/python3.11/site-packages/urllib3/connectionpool.py", line 488, in _make_request
    raise new_e
  File "/Users/jegalminchan/news-analyst-report/.venv/lib/python3.11/site-packages/urllib3/connectionpool.py", line 464, in _make_request
    self._validate_conn(conn)
  File "/Users/jegalminchan/news-analyst-report/.venv/lib/python3.11/site-packages/urllib3/connectionpool.py", line 1106, in _validate_conn
    conn.connect()
  File "/Users/jegalminchan/news-analyst-report/.venv/lib/python3.11/site-packages/urllib3/connection.py", line 759, in connect
    self.sock = sock = self._new_conn()
                       ^^^^^^^^^^^^^^^^
  File "/Users/jegalminchan/news-analyst-report/.venv/lib/python3.11/site-packages/urllib3/connection.py", line 211, in _new_conn
    raise NameResolutionError(self.host, self, e) from e
urllib3.exceptions.NameResolutionError: HTTPSConnection(host='opendart.fss.or.kr', port=443): Failed to resolve 'opendart.fss.or.kr' ([Errno 8] nodename nor servname provided, or not known)

The above exception was the direct cause of the following exception:

Traceback (most recent call last):
  File "/Users/jegalminchan/news-analyst-report/.venv/lib/python3.11/site-packages/requests/adapters.py", line 696, in send
    resp = conn.urlopen(
           ^^^^^^^^^^^^^
  File "/Users/jegalminchan/news-analyst-report/.venv/lib/python3.11/site-packages/urllib3/connectionpool.py", line 842, in urlopen
    retries = retries.increment(
              ^^^^^^^^^^^^^^^^^^
  File "/Users/jegalminchan/news-analyst-report/.venv/lib/python3.11/site-packages/urllib3/util/retry.py", line 543, in increment
    raise MaxRetryError(_pool, url, reason) from reason  # type: ignore[arg-type]
    ^^^^^^^^^^^^^^^^^^^^^^^^^^^^^^^^^^^^^^^^^^^^^^^^^^^
urllib3.exceptions.MaxRetryError: HTTPSConnectionPool(host='opendart.fss.or.kr', port=443): Max retries exceeded with url: /api/list.json?crtfc_key=9bb527069a954c806b21cdb8cafb49474b843ba6&bgn_de=20261001&end_de=20261001&page_no=1&page_count=100 (Caused by NameResolutionError("HTTPSConnection(host='opendart.fss.or.kr', port=443): Failed to resolve 'opendart.fss.or.kr' ([Errno 8] nodename nor servname provided, or not known)"))

During handling of the above exception, another exception occurred:

Traceback (most recent call last):
  File "/Users/jegalminchan/news-analyst-report/dart_monitor.py", line 100, in <module>
    main()
  File "/Users/jegalminchan/news-analyst-report/dart_monitor.py", line 72, in main
    disclosures = fetch_disclosures(date_str)
                  ^^^^^^^^^^^^^^^^^^^^^^^^^^^
  File "/Users/jegalminchan/news-analyst-report/dart/client.py", line 14, in fetch_disclosures
    resp = requests.get(
           ^^^^^^^^^^^^^
  File "/Users/jegalminchan/news-analyst-report/.venv/lib/python3.11/site-packages/requests/api.py", line 87, in get
    return request("get", url, params=params, **kwargs)
           ^^^^^^^^^^^^^^^^^^^^^^^^^^^^^^^^^^^^^^^^^^^^
  File "/Users/jegalminchan/news-analyst-report/.venv/lib/python3.11/site-packages/requests/api.py", line 71, in request
    return session.request(method=method, url=url, **kwargs)
           ^^^^^^^^^^^^^^^^^^^^^^^^^^^^^^^^^^^^^^^^^^^^^^^^^
  File "/Users/jegalminchan/news-analyst-report/.venv/lib/python3.11/site-packages/requests/sessions.py", line 651, in request
    resp = self.send(prep, **send_kwargs)
           ^^^^^^^^^^^^^^^^^^^^^^^^^^^^^^
  File "/Users/jegalminchan/news-analyst-report/.venv/lib/python3.11/site-packages/requests/sessions.py", line 784, in send
    r = adapter.send(request, **kwargs)
        ^^^^^^^^^^^^^^^^^^^^^^^^^^^^^^^
  File "/Users/jegalminchan/news-analyst-report/.venv/lib/python3.11/site-packages/requests/adapters.py", line 729, in send
    raise ConnectionError(e, request=request)
requests.exceptions.ConnectionError: HTTPSConnectionPool(host='opendart.fss.or.kr', port=443): Max retries exceeded with url: /api/list.json?crtfc_key=9bb527069a954c806b21cdb8cafb49474b843ba6&bgn_de=20261001&end_de=20261001&page_no=1&page_count=100 (Caused by NameResolutionError("HTTPSConnection(host='opendart.fss.or.kr', port=443): Failed to resolve 'opendart.fss.or.kr' ([Errno 8] nodename nor servname provided, or not known)"))
Traceback (most recent call last):
  File "/Users/jegalminchan/news-analyst-report/dart_monitor.py", line 100, in <module>
    main()
  File "/Users/jegalminchan/news-analyst-report/dart_monitor.py", line 72, in main
    disclosures = fetch_disclosures(date_str)
                  ^^^^^^^^^^^^^^^^^^^^^^^^^^^
  File "/Users/jegalminchan/news-analyst-report/dart/client.py", line 31, in fetch_disclosures
    raise RuntimeError(f"DART API 오류: {data['status']} {data.get('message')}")
RuntimeError: DART API 오류: 901 사용자 계정의 개인정보 보유기간이 만료되어 사용할 수 없는 키입니다. 관리자 이메일(opendart@fss.or.kr)로 문의하시기 바랍니다. 
Traceback (most recent call last):
  File "/Users/jegalminchan/news-analyst-report/.venv/lib/python3.11/site-packages/urllib3/connection.py", line 204, in _new_conn
    sock = connection.create_connection(
           ^^^^^^^^^^^^^^^^^^^^^^^^^^^^^
  File "/Users/jegalminchan/news-analyst-report/.venv/lib/python3.11/site-packages/urllib3/util/connection.py", line 60, in create_connection
    for res in socket.getaddrinfo(host, port, family, socket.SOCK_STREAM):
               ^^^^^^^^^^^^^^^^^^^^^^^^^^^^^^^^^^^^^^^^^^^^^^^^^^^^^^^^^^
  File "/opt/anaconda3/lib/python3.11/socket.py", line 962, in getaddrinfo
    for res in _socket.getaddrinfo(host, port, family, type, proto, flags):
               ^^^^^^^^^^^^^^^^^^^^^^^^^^^^^^^^^^^^^^^^^^^^^^^^^^^^^^^^^^^
socket.gaierror: [Errno 8] nodename nor servname provided, or not known

The above exception was the direct cause of the following exception:

Traceback (most recent call last):
  File "/Users/jegalminchan/news-analyst-report/.venv/lib/python3.11/site-packages/urllib3/connectionpool.py", line 788, in urlopen
    response = self._make_request(
               ^^^^^^^^^^^^^^^^^^^
  File "/Users/jegalminchan/news-analyst-report/.venv/lib/python3.11/site-packages/urllib3/connectionpool.py", line 488, in _make_request
    raise new_e
  File "/Users/jegalminchan/news-analyst-report/.venv/lib/python3.11/site-packages/urllib3/connectionpool.py", line 464, in _make_request
    self._validate_conn(conn)
  File "/Users/jegalminchan/news-analyst-report/.venv/lib/python3.11/site-packages/urllib3/connectionpool.py", line 1106, in _validate_conn
    conn.connect()
  File "/Users/jegalminchan/news-analyst-report/.venv/lib/python3.11/site-packages/urllib3/connection.py", line 759, in connect
    self.sock = sock = self._new_conn()
                       ^^^^^^^^^^^^^^^^
  File "/Users/jegalminchan/news-analyst-report/.venv/lib/python3.11/site-packages/urllib3/connection.py", line 211, in _new_conn
    raise NameResolutionError(self.host, self, e) from e
urllib3.exceptions.NameResolutionError: HTTPSConnection(host='opendart.fss.or.kr', port=443): Failed to resolve 'opendart.fss.or.kr' ([Errno 8] nodename nor servname provided, or not known)

The above exception was the direct cause of the following exception:

Traceback (most recent call last):
  File "/Users/jegalminchan/news-analyst-report/.venv/lib/python3.11/site-packages/requests/adapters.py", line 696, in send
    resp = conn.urlopen(
           ^^^^^^^^^^^^^
  File "/Users/jegalminchan/news-analyst-report/.venv/lib/python3.11/site-packages/urllib3/connectionpool.py", line 842, in urlopen
    retries = retries.increment(
              ^^^^^^^^^^^^^^^^^^
  File "/Users/jegalminchan/news-analyst-report/.venv/lib/python3.11/site-packages/urllib3/util/retry.py", line 543, in increment
    raise MaxRetryError(_pool, url, reason) from reason  # type: ignore[arg-type]
    ^^^^^^^^^^^^^^^^^^^^^^^^^^^^^^^^^^^^^^^^^^^^^^^^^^^
urllib3.exceptions.MaxRetryError: HTTPSConnectionPool(host='opendart.fss.or.kr', port=443): Max retries exceeded with url: /api/list.json?crtfc_key=9bb527069a954c806b21cdb8cafb49474b843ba6&bgn_de=20261002&end_de=20261002&page_no=1&page_count=100 (Caused by NameResolutionError("HTTPSConnection(host='opendart.fss.or.kr', port=443): Failed to resolve 'opendart.fss.or.kr' ([Errno 8] nodename nor servname provided, or not known)"))

During handling of the above exception, another exception occurred:

Traceback (most recent call last):
  File "/Users/jegalminchan/news-analyst-report/dart_monitor.py", line 100, in <module>
    main()
  File "/Users/jegalminchan/news-analyst-report/dart_monitor.py", line 72, in main
    disclosures = fetch_disclosures(date_str)
                  ^^^^^^^^^^^^^^^^^^^^^^^^^^^
  File "/Users/jegalminchan/news-analyst-report/dart/client.py", line 14, in fetch_disclosures
    resp = requests.get(
           ^^^^^^^^^^^^^
  File "/Users/jegalminchan/news-analyst-report/.venv/lib/python3.11/site-packages/requests/api.py", line 87, in get
    return request("get", url, params=params, **kwargs)
           ^^^^^^^^^^^^^^^^^^^^^^^^^^^^^^^^^^^^^^^^^^^^
  File "/Users/jegalminchan/news-analyst-report/.venv/lib/python3.11/site-packages/requests/api.py", line 71, in request
    return session.request(method=method, url=url, **kwargs)
           ^^^^^^^^^^^^^^^^^^^^^^^^^^^^^^^^^^^^^^^^^^^^^^^^^
  File "/Users/jegalminchan/news-analyst-report/.venv/lib/python3.11/site-packages/requests/sessions.py", line 651, in request
    resp = self.send(prep, **send_kwargs)
           ^^^^^^^^^^^^^^^^^^^^^^^^^^^^^^
  File "/Users/jegalminchan/news-analyst-report/.venv/lib/python3.11/site-packages/requests/sessions.py", line 784, in send
    r = adapter.send(request, **kwargs)
        ^^^^^^^^^^^^^^^^^^^^^^^^^^^^^^^
  File "/Users/jegalminchan/news-analyst-report/.venv/lib/python3.11/site-packages/requests/adapters.py", line 729, in send
    raise ConnectionError(e, request=request)
requests.exceptions.ConnectionError: HTTPSConnectionPool(host='opendart.fss.or.kr', port=443): Max retries exceeded with url: /api/list.json?crtfc_key=9bb527069a954c806b21cdb8cafb49474b843ba6&bgn_de=20261002&end_de=20261002&page_no=1&page_count=100 (Caused by NameResolutionError("HTTPSConnection(host='opendart.fss.or.kr', port=443): Failed to resolve 'opendart.fss.or.kr' ([Errno 8] nodename nor servname provided, or not known)"))
Traceback (most recent call last):
  File "/Users/jegalminchan/news-analyst-report/dart_monitor.py", line 100, in <module>
    main()
  File "/Users/jegalminchan/news-analyst-report/dart_monitor.py", line 72, in main
    disclosures = fetch_disclosures(date_str)
                  ^^^^^^^^^^^^^^^^^^^^^^^^^^^
  File "/Users/jegalminchan/news-analyst-report/dart/client.py", line 31, in fetch_disclosures
    raise RuntimeError(f"DART API 오류: {data['status']} {data.get('message')}")
RuntimeError: DART API 오류: 901 사용자 계정의 개인정보 보유기간이 만료되어 사용할 수 없는 키입니다. 관리자 이메일(opendart@fss.or.kr)로 문의하시기 바랍니다. 
Traceback (most recent call last):
  File "/Users/jegalminchan/news-analyst-report/.venv/lib/python3.11/site-packages/urllib3/connection.py", line 204, in _new_conn
    sock = connection.create_connection(
           ^^^^^^^^^^^^^^^^^^^^^^^^^^^^^
  File "/Users/jegalminchan/news-analyst-report/.venv/lib/python3.11/site-packages/urllib3/util/connection.py", line 60, in create_connection
    for res in socket.getaddrinfo(host, port, family, socket.SOCK_STREAM):
               ^^^^^^^^^^^^^^^^^^^^^^^^^^^^^^^^^^^^^^^^^^^^^^^^^^^^^^^^^^
  File "/opt/anaconda3/lib/python3.11/socket.py", line 962, in getaddrinfo
    for res in _socket.getaddrinfo(host, port, family, type, proto, flags):
               ^^^^^^^^^^^^^^^^^^^^^^^^^^^^^^^^^^^^^^^^^^^^^^^^^^^^^^^^^^^
socket.gaierror: [Errno 8] nodename nor servname provided, or not known

The above exception was the direct cause of the following exception:

Traceback (most recent call last):
  File "/Users/jegalminchan/news-analyst-report/.venv/lib/python3.11/site-packages/urllib3/connectionpool.py", line 788, in urlopen
    response = self._make_request(
               ^^^^^^^^^^^^^^^^^^^
  File "/Users/jegalminchan/news-analyst-report/.venv/lib/python3.11/site-packages/urllib3/connectionpool.py", line 488, in _make_request
    raise new_e
  File "/Users/jegalminchan/news-analyst-report/.venv/lib/python3.11/site-packages/urllib3/connectionpool.py", line 464, in _make_request
    self._validate_conn(conn)
  File "/Users/jegalminchan/news-analyst-report/.venv/lib/python3.11/site-packages/urllib3/connectionpool.py", line 1106, in _validate_conn
    conn.connect()
  File "/Users/jegalminchan/news-analyst-report/.venv/lib/python3.11/site-packages/urllib3/connection.py", line 759, in connect
    self.sock = sock = self._new_conn()
                       ^^^^^^^^^^^^^^^^
  File "/Users/jegalminchan/news-analyst-report/.venv/lib/python3.11/site-packages/urllib3/connection.py", line 211, in _new_conn
    raise NameResolutionError(self.host, self, e) from e
urllib3.exceptions.NameResolutionError: HTTPSConnection(host='opendart.fss.or.kr', port=443): Failed to resolve 'opendart.fss.or.kr' ([Errno 8] nodename nor servname provided, or not known)

The above exception was the direct cause of the following exception:

Traceback (most recent call last):
  File "/Users/jegalminchan/news-analyst-report/.venv/lib/python3.11/site-packages/requests/adapters.py", line 696, in send
    resp = conn.urlopen(
           ^^^^^^^^^^^^^
  File "/Users/jegalminchan/news-analyst-report/.venv/lib/python3.11/site-packages/urllib3/connectionpool.py", line 842, in urlopen
    retries = retries.increment(
              ^^^^^^^^^^^^^^^^^^
  File "/Users/jegalminchan/news-analyst-report/.venv/lib/python3.11/site-packages/urllib3/util/retry.py", line 543, in increment
    raise MaxRetryError(_pool, url, reason) from reason  # type: ignore[arg-type]
    ^^^^^^^^^^^^^^^^^^^^^^^^^^^^^^^^^^^^^^^^^^^^^^^^^^^
urllib3.exceptions.MaxRetryError: HTTPSConnectionPool(host='opendart.fss.or.kr', port=443): Max retries exceeded with url: /api/list.json?crtfc_key=9bb527069a954c806b21cdb8cafb49474b843ba6&bgn_de=20261006&end_de=20261006&page_no=1&page_count=100 (Caused by NameResolutionError("HTTPSConnection(host='opendart.fss.or.kr', port=443): Failed to resolve 'opendart.fss.or.kr' ([Errno 8] nodename nor servname provided, or not known)"))

During handling of the above exception, another exception occurred:

Traceback (most recent call last):
  File "/Users/jegalminchan/news-analyst-report/dart_monitor.py", line 100, in <module>
    main()
  File "/Users/jegalminchan/news-analyst-report/dart_monitor.py", line 72, in main
    disclosures = fetch_disclosures(date_str)
                  ^^^^^^^^^^^^^^^^^^^^^^^^^^^
  File "/Users/jegalminchan/news-analyst-report/dart/client.py", line 14, in fetch_disclosures
    resp = requests.get(
           ^^^^^^^^^^^^^
  File "/Users/jegalminchan/news-analyst-report/.venv/lib/python3.11/site-packages/requests/api.py", line 87, in get
    return request("get", url, params=params, **kwargs)
           ^^^^^^^^^^^^^^^^^^^^^^^^^^^^^^^^^^^^^^^^^^^^
  File "/Users/jegalminchan/news-analyst-report/.venv/lib/python3.11/site-packages/requests/api.py", line 71, in request
    return session.request(method=method, url=url, **kwargs)
           ^^^^^^^^^^^^^^^^^^^^^^^^^^^^^^^^^^^^^^^^^^^^^^^^^
  File "/Users/jegalminchan/news-analyst-report/.venv/lib/python3.11/site-packages/requests/sessions.py", line 651, in request
    resp = self.send(prep, **send_kwargs)
           ^^^^^^^^^^^^^^^^^^^^^^^^^^^^^^
  File "/Users/jegalminchan/news-analyst-report/.venv/lib/python3.11/site-packages/requests/sessions.py", line 784, in send
    r = adapter.send(request, **kwargs)
        ^^^^^^^^^^^^^^^^^^^^^^^^^^^^^^^
  File "/Users/jegalminchan/news-analyst-report/.venv/lib/python3.11/site-packages/requests/adapters.py", line 729, in send
    raise ConnectionError(e, request=request)
requests.exceptions.ConnectionError: HTTPSConnectionPool(host='opendart.fss.or.kr', port=443): Max retries exceeded with url: /api/list.json?crtfc_key=9bb527069a954c806b21cdb8cafb49474b843ba6&bgn_de=20261006&end_de=20261006&page_no=1&page_count=100 (Caused by NameResolutionError("HTTPSConnection(host='opendart.fss.or.kr', port=443): Failed to resolve 'opendart.fss.or.kr' ([Errno 8] nodename nor servname provided, or not known)"))
Traceback (most recent call last):
  File "/Users/jegalminchan/news-analyst-report/dart_monitor.py", line 100, in <module>
    main()
  File "/Users/jegalminchan/news-analyst-report/dart_monitor.py", line 72, in main
    disclosures = fetch_disclosures(date_str)
                  ^^^^^^^^^^^^^^^^^^^^^^^^^^^
  File "/Users/jegalminchan/news-analyst-report/dart/client.py", line 31, in fetch_disclosures
    raise RuntimeError(f"DART API 오류: {data['status']} {data.get('message')}")
RuntimeError: DART API 오류: 901 사용자 계정의 개인정보 보유기간이 만료되어 사용할 수 없는 키입니다. 관리자 이메일(opendart@fss.or.kr)로 문의하시기 바랍니다. 
Traceback (most recent call last):
  File "/Users/jegalminchan/news-analyst-report/dart_monitor.py", line 100, in <module>
    main()
  File "/Users/jegalminchan/news-analyst-report/dart_monitor.py", line 72, in main
    disclosures = fetch_disclosures(date_str)
                  ^^^^^^^^^^^^^^^^^^^^^^^^^^^
  File "/Users/jegalminchan/news-analyst-report/dart/client.py", line 31, in fetch_disclosures
    raise RuntimeError(f"DART API 오류: {data['status']} {data.get('message')}")
RuntimeError: DART API 오류: 901 사용자 계정의 개인정보 보유기간이 만료되어 사용할 수 없는 키입니다. 관리자 이메일(opendart@fss.or.kr)로 문의하시기 바랍니다. 
Traceback (most recent call last):
  File "/Users/jegalminchan/news-analyst-report/dart_monitor.py", line 100, in <module>
    main()
  File "/Users/jegalminchan/news-analyst-report/dart_monitor.py", line 72, in main
    disclosures = fetch_disclosures(date_str)
                  ^^^^^^^^^^^^^^^^^^^^^^^^^^^
  File "/Users/jegalminchan/news-analyst-report/dart/client.py", line 31, in fetch_disclosures
    raise RuntimeError(f"DART API 오류: {data['status']} {data.get('message')}")
RuntimeError: DART API 오류: 901 사용자 계정의 개인정보 보유기간이 만료되어 사용할 수 없는 키입니다. 관리자 이메일(opendart@fss.or.kr)로 문의하시기 바랍니다. 
Traceback (most recent call last):
  File "/Users/jegalminchan/news-analyst-report/dart_monitor.py", line 100, in <module>
    main()
  File "/Users/jegalminchan/news-analyst-report/dart_monitor.py", line 72, in main
    disclosures = fetch_disclosures(date_str)
                  ^^^^^^^^^^^^^^^^^^^^^^^^^^^
  File "/Users/jegalminchan/news-analyst-report/dart/client.py", line 31, in fetch_disclosures
    raise RuntimeError(f"DART API 오류: {data['status']} {data.get('message')}")
RuntimeError: DART API 오류: 901 사용자 계정의 개인정보 보유기간이 만료되어 사용할 수 없는 키입니다. 관리자 이메일(opendart@fss.or.kr)로 문의하시기 바랍니다. 
